 FUJITSU CONFIDENTIAL
 Fujitsu Fortran Version 1.2.0  Tue Nov 13 16:10:59 2018

 Compilation information
   Current directory : /home/odajima/bug_report/RIST/issue162
   Source file       : issue162.f90

 Option information
   Command line options : -Kfast,nounroll,nowp -Nlst=t -Koptmsg=2 -S
   Effective options    : -fi -g0 -AE -Free -O3 -X9
                          -x0 -xaccept=nomodule_allocatable
                          -KA64FX -KARMV8_3_A -KSVE -Kalign_loops
                          -Kassume=noshortloop -Kassume=nomemory_bandwidth
                          -Kassume=notime_saving_compilation -Kauto
                          -Kautoobjstack -Knocalleralloc -Kcmodel=small
                          -Knodaz -Keval -Keval_noconcurrent -Knofed
                          -Knofenv_access -Kfp_contract -Kfp_relaxed
                          -Kfsimple -Kfz -Khpctag -Kilfunc=loop -Kintentopt
                          -Knolargepage -Kloop_blocking -Kloop_fission
                          -Kloop_nofission_if -Kloop_fusion
                          -Kloop_interchange -Kloop_nopart_parallel
                          -Kloop_nopart_simd -Kloop_noversioning -Knolto
                          -Knontst -Kmfunc=1 -Knoocl -Komitfp
                          -Knooptlib_string -Koptmsg=2
                          -Knopc_relative_literal_loads -Kplt -Knopreex
                          -Kprefetch_noconditional -Kprefetch_noindirect
                          -Kprefetch_sequential=auto -Kprefetch_nostride
                          -Kprefetch_cache_level=all -Kprefetch_noinfer
                          -Kprefetch_nostrong -Kprefetch_strong_L2
                          -Ksch_post_ra -Ksch_pre_ra -Ksibling_calls
                          -Ksimd=auto -Ksimd_noextension -Ksimd_nomaskload
                          -Ksimd_packed_promotion -Ksimd_reduction_product
                          -Ksimd_reg_size=512 -Knostriping -Kswp
                          -Ktemparraystack -Knounroll -Knounroll_and_jam
                          -Knozfill
                          -Knoopenmp -Kopenmp_noassume_norecurrence
                          -Kopenmp_nocollapse_except_innermost
                          -Kopenmp_noordered_reduction -Knoopenmp_simd
                          -Knothreadsafe -Knoparallel
                          -Kparallel_nofp_precision -Knoarray_private
                          -Knodynamic_iteration -Knoreduction
                          -Nallextput -Nnoalloc_assign
                          -Ncancel_overtime_compilation -Nnocoarray
                          -Nnocompdisp -Nnocopyarg
                          -Nnocoverage(--no-coverage) -Nfreealloc -Nf90move
                          -Nnohook_func -Nnohook_time -Nline -Nlst -Nlst=p
                          -Nlst=t -Nnomallocfree -Nnoobsfun
                          -Nquickdbg=noargchk -Nquickdbg=nosubchk
                          -Nquickdbg=noundef -NRnotrap -Nnorecursive
                          -Nnoreordered_variable_stack -Nrt_notune -Nnosave
                          -Nsetvalue=noheap -Nsetvalue=nostack
                          -Nsetvalue=noscalar -Nsetvalue=noarray
                          -Nsetvalue=nostruct -Nuse_rodata

 Main program "main"
  (line-no.)(nest)(optimize)
          1                     program main
          2                       implicit none
          3                       integer,parameter :: n = 3
          4                       real(8) :: r(n)
          5                       real(8) :: w
          6                       integer :: ir, irmax
          7                       w = 0.0d0
          8                       irmax = 0
                              <<< Loop-information Start >>>
                              <<<  [OPTIMIZATION]
                              <<<    SIMD(VL: 8)
                              <<< Loop-information  End >>>
          9              v        r = 1.0d0
                              <<< Loop-information Start >>>
                              <<<  [OPTIMIZATION]
                              <<<    SIMD(VL: 8)
                              <<< Loop-information  End >>>
         10     1        v        do ir = 1, n
         11     2        v           if(r(ir) < 10.0d0) then
         12     2        v              irmax = ir
         13     2        v              w = r(ir)
         14     2        v           end if
         15     1        v        end do
         16                       write(6,*) irmax, w
         17                     end program main

 Diagnostic messages: program name(main)
   jwd6003s-i  "issue162.f90", line 9: SIMD conversion is applied to array description.
   jwd6001s-i  "issue162.f90", line 10: SIMD conversion is applied to DO loop with DO variable 'ir'.

 Procedure information
   Lines      : 17
   Statements : 17
   Stack(byte): 16
   Prefetch num: 0

 Total information
   Procedures       : 1
   Total lines      : 17
   Total statements : 17
   Total stack(byte): 16
   Total prefetch num: 0

