Fujitsu C/C++ Version 1.2.0   Fri Aug  4 17:16:30 2017
Compilation information
  Current directory : /home/odajima/sim-testsuites/omp_src/stream_benchmark
  Source file       : triad-mem-1stream.c
(line-no.)(optimize)
        1             #include <stdio.h>
        2             #include <stdlib.h>
        3             #include <omp.h>
        4             #include "mytime.h"
        5             
        6             #define N 699050
        7             
        8             double ALPHA = 3.0;
        9             double a[N] __attribute__((aligned(256)));
       10             double b[N] __attribute__((aligned(256)));
       11             double c[N] __attribute__((aligned(256)));
       12             
       13             int main(int argc, char **argv)
       14             {
       15               int i;
       16               static double time;
       17             
       18             #pragma omp parallel
       19               {
       20                 printf("%d of %d\n", omp_get_num_threads(), omp_get_thread_num());
       21             
       22             #pragma omp for
                       <<< Loop-information Start >>>
                       <<<  [OPTIMIZATION]
                       <<<    SIMD(VL: 8)
                       <<<    SOFTWARE PIPELINING
                       <<< Loop-information  End >>>
       23   p     3v      for (i = 0; i < N; i++) {
       24   p     3v        a[i] = 0.0;
       25   p     3v        b[i] = (double)(i);
       26   p     3v        c[i] = (double)(i+3);
       27   p     3v      }
       28               }
       29             
       30    i          time = get_dtime();
       31             
       32             #pragma omp parallel for
                       <<< Loop-information Start >>>
                       <<<  [OPTIMIZATION]
                       <<<    SIMD(VL: 8)
                       <<<    SOFTWARE PIPELINING
                       <<< Loop-information  End >>>
       33   p     3v      for (i = 0; i < N; i++)
       34   p     3v        a[i] = b[i] + 3.0 * c[i];
       35             
       36    i          time = get_dtime() - time;
       37             
       38               printf("time = %lf [msec]\n", time * 1000.0);
       39               printf("BW = %lf [GB/s]\n", (3 * N * sizeof(double)) / time / 1e9);
       40               printf("dummy: %lf\n", a[N-1]);
       41             
       42               return 0;
       43             }
Total prefetch num: 0
Optimization messages
  jwd6001s-i  "triad-mem-1stream.c", line 23: SIMD conversion is applied to this loop with the loop variable 'i'.
  jwd8204o-i  "triad-mem-1stream.c", line 23: This loop is software pipelined.
  jwd8205o-i  "triad-mem-1stream.c", line 23: The software-pipelined loop is chosen at run time when the iteration count is greater than or equal to '120'.
  jwd8101o-i  "triad-mem-1stream.c", line 30: Inline expansion is applied to the user defined function 'get_dtime'.
  jwd6001s-i  "triad-mem-1stream.c", line 33: SIMD conversion is applied to this loop with the loop variable 'i'.
  jwd8204o-i  "triad-mem-1stream.c", line 33: This loop is software pipelined.
  jwd8205o-i  "triad-mem-1stream.c", line 33: The software-pipelined loop is chosen at run time when the iteration count is greater than or equal to '192'.
  jwd8101o-i  "triad-mem-1stream.c", line 36: Inline expansion is applied to the user defined function 'get_dtime'.
  jwd8206o-i  "triad-mem-1stream.c", line 39: Division is changed to multiplication by reciprocal.
  jwd8209o-i  "triad-mem-1stream.c", line 39: Evaluation order of polynomial expression is changed according to commutative law of addition and multiplication.
Statistics information
  Option information
    Command line options : -Kfast,openmp -Nlst=t -Koptmsg=2 -I../../include -S -o triad-mem-1stream.s
    Effective options    : -noansi -g0 -mt -Qy -std=gnu99 -x- -O3 -Knoalias_const
                           -Kassume=noshortloop -Kassume=nomemory_bandwidth
                           -Kassume=notime_consuming_compilation -Kcmodel=small -Kconst
                           -Knodaz -Keval -Kfast_matmul -Knofconst -Knofenv_access
                           -Kfp_contract -Kfp_relaxed -Kfsimple -Kilfunc=loop -Klib
                           -Kloop_blocking -Kloop_fission -Kloop_nofission_if -Kloop_fusion
                           -Kloop_interchange -Kloop_nopart_simd -Kloop_noversioning
                           -Klooptype=f -Knolto -Knomemalias -Kmfunc=1 -Kns -Knontst -Knoocl
                           -Komitfp -Kopenmp -Kopenmp_noassume_norecurrence
                           -Kopenmp_noordered_reduction -Knoopenmp_simd -Koptmsg=2
                           -Knoparallel -Kparallel_nofp_precision -Knopreex
                           -Kprefetch_cache_level=all -Kprefetch_conditional
                           -Kprefetch_noindirect -Kprefetch_noinfer
                           -Kprefetch_sequential=auto -Kprefetch_nostride
                           -Kprefetch_nostrong -Kprefetch_strong_L2 -Krdconv
                           -Krestp=restrict -Ksibling_calls -Ksimd=auto -Ksimd_noextension
                           -Ksimd_nomaskload -Ksimd_reduction_product -Ksimd_reg_size=512
                           -Knostriping -KARMv8_2 -KSVE -Kswp -Kunroll -KNOXFILL
                           -Ncancel_overtime_compilation -Nnoexceptions -Nnofjcex
                           -Nnohook_func -Nnohook_time -Nnoline -Nlst=p -Nlst=t
                           -Nquickdbg=noheapchk -Nquickdbg=nosubchk -NRnotrap -Nrt_notune
                           -Nsetvalue=noheap -Nsetvalue=nostack -Nsetvalue=noscalar
                           -Nsetvalue=noarray -Nsetvalue=nostruct -Nsrc -Nsta -Nuse_rodata
